2026-09-16T11:00:00Z  loom comment sh-0009 --quote --kind objection → a-2026-09-16-0001
2026-09-16T11:00:00Z  loom comment sh-0009/proof --quote --kind suggestion → a-2026-09-16-0002
2026-09-16T11:00:00Z  loom comment sh-000C/proof --quote --kind objection → a-2026-09-16-0003
2026-09-16T11:00:00Z  loom comment sh-0006/proof --quote --kind question → a-2026-09-16-0004
2026-09-16T11:00:00Z  loom comment sh-0004 --kind suggestion → a-2026-09-16-0005
2026-09-16T11:00:00Z  loom comment drafting/main-atomic.tex --kind suggestion → a-2026-09-16-0006
2026-09-16T11:00:00Z  loom comment sh-0200 --kind suggestion → a-2026-09-16-0007
2026-09-16T11:00:00Z  loom comment sh-0009#eq:rank --kind objection → a-2026-09-16-0008
2026-09-16T11:00:00Z  loom comment Arden24-prop-2.1 --quote --kind objection → a-2026-09-16-0009
2026-09-16T11:00:00Z  loom comment sh-0005 --kind confirmation → a-2026-09-16-0010
2026-09-16T11:00:00Z  loom comment sh-000F --kind citation → a-2026-09-16-0011
2026-09-16T11:00:00Z  loom comment sh-0008 --kind objection → a-2026-09-16-0012
2026-09-16T11:00:00Z  loom comment sh-000B --kind suggestion → a-2026-09-16-0013
2026-09-16T11:00:00Z  loom comment sh-0007/proof --quote --kind objection → a-2026-09-16-0014
2026-09-16T11:40:00Z  loom comment --discard a-2026-09-16-0012 → a-2026-09-16-0012
2026-09-16T11:40:00Z  loom comment --edit a-2026-09-16-0013 → a-2026-09-16-0013
2026-09-16T15:00:00Z  loom comment --reply a-2026-09-16-0001 → a-2026-09-16-0015
2026-09-16T15:05:00Z  loom comment --reply a-2026-09-16-0001 → a-2026-09-16-0016
2026-09-16T15:10:00Z  loom comment --resolve a-2026-09-16-0002 → a-2026-09-16-0002
2026-09-16T15:10:00Z  loom comment --resolve a-2026-09-16-0004 → a-2026-09-16-0004
2026-09-16T15:10:00Z  loom comment --resolve a-2026-09-16-0004 --undo → a-2026-09-16-0004
2026-09-16T15:10:00Z  loom comment sh-000A --quote --kind question → a-2026-09-16-0017
2026-09-16T15:10:00Z  loom comment sh-0003 --kind confirmation → a-2026-09-16-0018
2026-09-17T09:00:00Z  loom comment sh-000C --kind suggestion → a-2026-09-17-0001
2026-09-17T09:00:00Z  loom comment --reply a-2026-09-16-0003 → a-2026-09-17-0002
